==============================================================================
受控实验：抖动幅度(±8s) > 轮间隔(2s)，价格每轮真实上涨 0.20 元
==============================================================================
  轮  收到ts      OOO   源价       引擎价      状态          落后      
------------------------------------------------------------------------------
  1  09:59:54  0     10.20    10.20    最新          +0.00   
  2  10:00:04  0     10.40    10.40    最新          +0.00   
  3  10:00:00  3     10.60    10.40    ★ 用了旧价      +0.20   
  4  10:00:08  0     10.80    10.80    最新          +0.00   
  5  10:00:01  3     11.00    10.80    ★ 用了旧价      +0.20   
  6  10:00:12  0     11.20    11.20    最新          +0.00   

==============================================================================
结论
==============================================================================
  6 轮中 2 轮引擎价**落后于源价** —— 真实价格上涨被乱序门挡掉。

  ⚠ 机制：provider 时间戳是**服务端时钟**（实测：午休最后成交 11:30，
     字段却显示 11:39~11:40），同一 code 跨轮会倒退（实测北交所
     倒退率 49.1%，沪深 0.0%）。引擎把 `q_ep < wm` 当'乱序旧包'丢弃，
     叠加『只在价格/量变化时追加 history』—— 于是**新的价格永远进不来**。

  ⚠ 为何 soak 现场测不出：午休价格冻结，源价与引擎价恰好相同。
     这**不代表**盘中安全 —— 只是我拒绝把午休结论外推到交易时段。
