==========================================================================
Q1: 午休期间 f[30] 是否等于最后成交时刻（11:30:00）？
==========================================================================
  sh600000   f[30]=20260930120537  = 12:05:37
  sh601318   f[30]=20260930120551  = 12:05:51
  sh600519   f[30]=20260930120558  = 12:05:58
  sz000001   f[30]=20260930120554  = 12:05:54
  sz300750   f[30]=20260930120518  = 12:05:18
  bj920000   f[30]=20260930120554  = 12:05:54
  bj920002   f[30]=20260930120554  = 12:05:54
  bj920003   f[30]=20260930120554  = 12:05:54
  bj920005   f[30]=20260930120554  = 12:05:54
  bj920006   f[30]=20260930120554  = 12:05:54

  本机现在 = 12:14:19

==========================================================================
Q2: 高频轮询 12 次，统计**倒退**次数（按组）
==========================================================================
  组      倒退次数       总比较        倒退率
  sh     0          33         0.0%
  sz     0          22         0.0%
  bj     20         55         36.4%

==========================================================================
Q3: 一次请求内，同一组的 f[30] 有几个不同取值？
==========================================================================
  sh: 3 个不同取值 / 3 只 -> ['20260930120537', '20260930120551', '20260930120558']
  sz: 2 个不同取值 / 2 只 -> ['20260930120518', '20260930120554']
  bj: 3 个不同取值 / 5 只 -> ['20260930120530', '20260930120551', '20260930120557']

==========================================================================
判定
==========================================================================
  Q1 若显示的是 11:3x 而非 11:30:00，则 f[30] 是**服务端时钟**，
     不是最后成交时刻。
  Q2/Q3 若 bj 倒退率显著高于 sh/sz，说明北交所走的是**另一组后端**
     （时钟偏斜/缓存不同），而引擎把它当'事件时间'做乱序准入 ——
     于是合法行情被误判为乱序而丢弃。
