备份 engine.py sha256=6fcc4d04635f0104 148152 bytes
==========================================================================

[T1 恢复 q_ep < wm（缺陷本体）]
   rc=1 -> RED
   3 failed, 14 passed in 0.13s
   还原一致=True

[T2 tencent 容差归零]
   rc=1 -> RED
   5 failed, 12 passed in 0.12s
   还原一致=True

[T3 容差 10s（覆盖不到实测 max 24s）]
   rc=1 -> RED
   4 failed, 13 passed in 0.12s
   还原一致=True

[T4 容差 3600s（放过真迟到）]
   rc=1 -> RED
   2 failed, 15 passed in 0.13s
   还原一致=True

==========================================================================
engine.py 字节一致=True sha=6fcc4d04635f0104
==========================================================================
  RED          T1 恢复 q_ep < wm（缺陷本体）
  RED          T2 tencent 容差归零
  RED          T3 容差 10s（覆盖不到实测 max 24s）
  RED          T4 容差 3600s（放过真迟到）

  RED 4/4
  还原后: rc=0 17 passed in 0.13s
