--- 脚本已执行（无异常）---
  ✓ spiritRow 已定义
  ✓ pushSpirit 已定义
  ✓ 行数 = 样本数
  ✓ 火箭发射行含中文信号名
  ✓ 火箭发射方向为 up（红）
  ✓ 打开涨停方向为 down（绿）——最易搞反的一个  sp down sev3
  ✓ 打开涨停行含中文名
  ✓ 指数行保留带前缀代码
  ✓ 行内不含未转义脚本
  ✓ severity 3 落到 sev3  sp down sev3
  ✓ severity 1 落到 sev1  sp up sev1
  ✓ 新 key 会插入一行  0 -> 1
  ✓ 重复 key 被去重（SSE 重连会重放）  1 -> 1
  ✓ 筛选 limit 时只有打开涨停匹配
  ✓ 筛选 all 时全部匹配
  ✓ 长会话下 DOM 行数被 MAX_SPIRIT 截住  225 次推送 -> 200 行（上限 200）
  ✓ 内存列表同样被截住  200 条

==================================================
✓ 短线精灵前端渲染正常
