==========================================================================
R16 回滚验牙（每颗都要求真 RED + 字节级还原）
==========================================================================
  备份 engine.py  sha256=917646762ebf37ab  144635 bytes
  备份 live_session.py  sha256=e48b30b55cc3b066  225866 bytes

[T1 未请求 route 写回 False]
   变异后 rc=1  -> RED
   6 failed, 13 passed in 0.33s
   还原字节一致: True

[T2 空轮硬编码 True/True]
   变异后 rc=1  -> RED
   2 failed, 17 passed in 0.33s
   还原字节一致: True

[T3 放大器按 keys union]
   变异后 rc=1  -> RED
   1 failed, 18 passed in 0.38s
   还原字节一致: True

[T4 分母 _safe_int(dict)]
   变异后 rc=1  -> RED
   2 failed, 17 passed in 0.39s
   还原字节一致: True

[T5 放大器恒 False]
   变异后 rc=1  -> RED
   4 failed, 15 passed in 0.69s
   还原字节一致: True

==========================================================================
最终还原校验
==========================================================================
  engine.py            字节一致=True  sha256=917646762ebf37ab
  live_session.py      字节一致=True  sha256=e48b30b55cc3b066

==========================================================================
牙齿汇总
==========================================================================
  RED          T1 未请求 route 写回 False
  RED          T2 空轮硬编码 True/True
  RED          T3 放大器按 keys union
  RED          T4 分母 _safe_int(dict)
  RED          T5 放大器恒 False

  RED 5/5
  还原后目标测试: rc=0  19 passed in 1.04s
